
> radianceai-frontend@1.0.0 start
> craco start

(node:16332) [DEP_WEBPACK_DEV_SERVER_ON_AFTER_SETUP_MIDDLEWARE] DeprecationWarning: 'onAfterSetupMiddleware' option is deprecated. Please use the 'setupMiddlewares' option.
(Use `node --trace-deprecation ...` to show where the warning was created)
(node:16332) [DEP_WEBPACK_DEV_SERVER_ON_BEFORE_SETUP_MIDDLEWARE] DeprecationWarning: 'onBeforeSetupMiddleware' option is deprecated. Please use the 'setupMiddlewares' option.
Starting the development server...

Compiled with warnings.

[eslint] 
src/hooks/useWeather.js
  Line 26:9:   'resolvedLat' is assigned a value but never used  no-unused-vars
  Line 26:28:  'resolvedLon' is assigned a value but never used  no-unused-vars

Search for the keywords to learn more about each warning.
To ignore, add // eslint-disable-next-line to the line before.

WARNING in [eslint] 
src/hooks/useWeather.js
  Line 26:9:   'resolvedLat' is assigned a value but never used  no-unused-vars
  Line 26:28:  'resolvedLon' is assigned a value but never used  no-unused-vars

webpack compiled with 1 warning
Compiling...
Failed to compile.

Module not found: Error: Can't resolve './RecommendationCard' in '/home/kavia/workspace/code-generation/radianceai-36090-a5474c13/radianceai_frontend/src/features/recommendations'
WARNING in [eslint] 
src/hooks/useWeather.js
  Line 26:9:   'resolvedLat' is assigned a value but never used  no-unused-vars
  Line 26:28:  'resolvedLon' is assigned a value but never used  no-unused-vars

ERROR in ./src/features/recommendations/Recommendations.js 5:0-54
Module not found: Error: Can't resolve './RecommendationCard' in '/home/kavia/workspace/code-generation/radianceai-36090-a5474c13/radianceai_frontend/src/features/recommendations'

ERROR in ./src/features/recommendations/Recommendations.js 6:0-50
Module not found: Error: Can't resolve './Recommendations.module.css' in '/home/kavia/workspace/code-generation/radianceai-36090-a5474c13/radianceai_frontend/src/features/recommendations'

webpack compiled with 2 errors and 1 warning
Compiling...
Failed to compile.

Module not found: Error: Can't resolve './RecommendationCard' in '/home/kavia/workspace/code-generation/radianceai-36090-a5474c13/radianceai_frontend/src/features/recommendations'
WARNING in [eslint] 
src/hooks/useWeather.js
  Line 26:9:   'resolvedLat' is assigned a value but never used  no-unused-vars
  Line 26:28:  'resolvedLon' is assigned a value but never used  no-unused-vars

ERROR in ./src/features/recommendations/Recommendations.js 5:0-54
Module not found: Error: Can't resolve './RecommendationCard' in '/home/kavia/workspace/code-generation/radianceai-36090-a5474c13/radianceai_frontend/src/features/recommendations'

ERROR in ./src/features/recommendations/Recommendations.js 6:0-50
Module not found: Error: Can't resolve './Recommendations.module.css' in '/home/kavia/workspace/code-generation/radianceai-36090-a5474c13/radianceai_frontend/src/features/recommendations'

webpack compiled with 2 errors and 1 warning
Compiling...
Failed to compile.

Module not found: Error: Can't resolve './RecommendationCard.module.css' in '/home/kavia/workspace/code-generation/radianceai-36090-a5474c13/radianceai_frontend/src/features/recommendations'
WARNING in [eslint] 
src/hooks/useWeather.js
  Line 26:9:   'resolvedLat' is assigned a value but never used  no-unused-vars
  Line 26:28:  'resolvedLon' is assigned a value but never used  no-unused-vars

ERROR in ./src/features/recommendations/RecommendationCard.js 5:0-53
Module not found: Error: Can't resolve './RecommendationCard.module.css' in '/home/kavia/workspace/code-generation/radianceai-36090-a5474c13/radianceai_frontend/src/features/recommendations'

ERROR in ./src/features/recommendations/Recommendations.js 6:0-50
Module not found: Error: Can't resolve './Recommendations.module.css' in '/home/kavia/workspace/code-generation/radianceai-36090-a5474c13/radianceai_frontend/src/features/recommendations'

webpack compiled with 2 errors and 1 warning
Compiling...
Failed to compile.

Module not found: Error: Can't resolve './RecommendationCard.module.css' in '/home/kavia/workspace/code-generation/radianceai-36090-a5474c13/radianceai_frontend/src/features/recommendations'
WARNING in [eslint] 
src/hooks/useWeather.js
  Line 26:9:   'resolvedLat' is assigned a value but never used  no-unused-vars
  Line 26:28:  'resolvedLon' is assigned a value but never used  no-unused-vars

ERROR in ./src/features/recommendations/RecommendationCard.js 5:0-53
Module not found: Error: Can't resolve './RecommendationCard.module.css' in '/home/kavia/workspace/code-generation/radianceai-36090-a5474c13/radianceai_frontend/src/features/recommendations'

webpack compiled with 1 error and 1 warning
Compiling...
Compiled with warnings.

[eslint] 
src/hooks/useWeather.js
  Line 26:9:   'resolvedLat' is assigned a value but never used  no-unused-vars
  Line 26:28:  'resolvedLon' is assigned a value but never used  no-unused-vars

Search for the keywords to learn more about each warning.
To ignore, add // eslint-disable-next-line to the line before.

WARNING in [eslint] 
src/hooks/useWeather.js
  Line 26:9:   'resolvedLat' is assigned a value but never used  no-unused-vars
  Line 26:28:  'resolvedLon' is assigned a value but never used  no-unused-vars

webpack compiled with 1 warning
